**********************
Início da transcrição do Windows PowerShell
Hora de início: 20260309175037
Nome de Usuário: DESKTOP-L3CAUD8\srmat
Executar como Usuário: DESKTOP-L3CAUD8\srmat
Nome da Configuração: 
Computador: DESKTOP-L3CAUD8 (Microsoft Windows NT 10.0.19045.0)
Aplicativo Host: C:\WINDOWS\System32\WindowsPowerShell\v1.0\powershell.exe -noexit -command try { . "c:\Users\srmat\AppData\Local\Programs\Microsoft VS Code\072586267e\resources\app\out\vs\workbench\contrib\terminal\common\scripts\shellIntegration.ps1" } catch {}
ID do Processo: 5852
PSVersion: 5.1.19041.6456
PSEdition: Desktop
PSCompatibleVersions: 1.0, 2.0, 3.0, 4.0, 5.0, 5.1.19041.6456
BuildVersion: 10.0.19041.6456
CLRVersion: 4.0.30319.42000
WSManStackVersion: 3.0
PSRemotingProtocolVersion: 2.3
SerializationVersion: 1.1.0.1
**********************
Transcrição iniciada, o arquivo de saída é reports/run_2026-03-09_17-50-37.log
Timestamp: 2026-03-09_17-50-37

git : O termo 'git' não é reconhecido como nome de cmdlet, função, arquivo de script ou programa operável. Verifique a 
grafia do nome ou, se um caminho tiver sido incluído, veja se o caminho está correto e tente novamente.
No linha:1 caractere:410
+ ... ata/Local/Python/pythoncore-3.14-64/python.exe --version; git rev-par ...
+                                                               ~~~
    + CategoryInfo          : ObjectNotFound: (git:String) [], CommandNotFoundException
    + FullyQualifiedErrorId : CommandNotFoundException
git : O termo 'git' não é reconhecido como nome de cmdlet, função, arquivo de
script ou programa operável. Verifique a grafia do nome ou, se um caminho
tiver sido incluído, veja se o caminho está correto e tente novamente.
No linha:1 caractere:410
+ ... ata/Local/Python/pythoncore-3.14-64/python.exe --version; git rev-par ...
+                                                               ~~~
    + CategoryInfo          : ObjectNotFound: (git:String) [], CommandNotFound
   Exception
    + FullyQualifiedErrorId : CommandNotFoundException


**********************
Fim da transcrição do Windows PowerShell
Hora de término: 20260309175039
**********************
